Renesas Optimizing Linker (W2.08.00 )             21-Nov-2019 10:47:05

*** Options ***

-subcommand=LinkerGPIO_IRQ.tmp
-noprelink
-input=".\r_bsp/board/rdkrx63n\lowlvl.obj"
-input=".\r_bsp/board/rdkrx63n\dbsct.obj"
-input=".\r_bsp/board/rdkrx63n\flash_options.obj"
-input=".\r_bsp/board/rdkrx63n\hwsetup.obj"
-input=".\r_bsp/board/rdkrx63n\lcd.obj"
-input=".\r_bsp/board/rdkrx63n\lowsrc.obj"
-input=".\r_bsp/board/rdkrx63n\resetprg.obj"
-input=".\r_bsp/board/rdkrx63n\sbrk.obj"
-input=".\r_bsp/board/rdkrx63n\vecttbl.obj"
-input=".\r_glyph/src/glyph/drivers\st7579_lcd.obj"
-input=".\r_glyph/src/glyph/fonts\font_8x8.obj"
-input=".\r_glyph/src/glyph\glyph.obj"
-input=".\r_glyph/src\r_glyph.obj"
-input=".\r_glyph/src\r_glyph_register.obj"
-input=".\r_rspi_rx600/src\r_rspi_rx600.obj"
-input=".\src\CMT.obj"
-input=".\src\S12ADC.obj"
-input=".\src\mtu_pwm_demo_main.obj"
-input=".\src\mtu_pwm_mode1_demo.obj"
-library=".\GPIO_IRQ.lib"
-start=SI,SU,B_1,R_1,B_2,R_2,B,R/0,C_1,C_2,C,C$*,L*,D*,P,W*/0FFF80000,FIXEDVECT/0FFFFFF90
-output="GPIO_IRQ.abs"
-form=absolute
-nomessage
-list=GPIO_IRQ.map
-nooptimize
-nologo
-nomessage
-rom=D=R,D_1=R_1,D_2=R_2
-vect=_undefined_interrupt_source_isr

*** Error information ***

*** Mapping List ***

SECTION                            START      END         SIZE   ALIGN
SI
                                  00000000  000003ff       400   4
SU
                                  00000400  000013ff      1000   4
B_1
                                  00001400  00001427        28   1
R_1
                                  00001428  0000147b        54   1
B_2
                                  0000147c  0000147c         0   1
R_2
                                  0000147c  0000147c         0   1
B
                                  0000147c  000018e3       468   4
R
                                  000018e4  00001f63       680   4
$ADDR_C_FF7FFFE8
                                  ff7fffe8  ff7fffff        18   1
C_1
                                  fff80000  fff80ad1       ad2   1
C_2
                                  fff80ad2  fff80cd7       206   2
C
                                  fff80cd8  fff80d7f        a8   4
C$DSEC
                                  fff80d80  fff80da3        24   4
C$BSEC
                                  fff80da4  fff80dbb        18   4
C$VECT
                                  fff80dbc  fff811bb       400   4
L
                                  fff811bc  fff81320       165   4
D
                                  fff81324  fff819a3       680   4
D_1
                                  fff819a4  fff819f7        54   1
D_2
                                  fff819f8  fff819f8         0   1
P
                                  fff819f8  fff85960      3f69   1
W
                                  fff85964  fff85964         0   4
W_1
                                  fff85964  fff85964         0   1
W_2
                                  fff85964  fff85987        24   2
$ADDR_C_FFFFFF80
                                  ffffff80  ffffff8f        10   1
FIXEDVECT
                                  ffffff90  ffffffff        70   4
